This is XeTeX, Version 3.141592653-2.6-0.999995 (TeX Live 2023/Debian) (preloaded format=xelatex 2026.9.12)  12 SEP 2026 19:37
entering extended mode
 restricted \write18 enabled.
 file:line:error style messages enabled.
 %&-line parsing enabled.
**/home/orestis/Documents/projects/unity/latex/main
(/home/orestis/Documents/projects/unity/latex/main.tex
LaTeX2e <2023-11-01> patch level 1
L3 programming layer <2024-01-22>
(/usr/share/texlive/texmf-dist/tex/latex/base/article.cls
Document Class: article 2023/05/17 v1.4n Standard LaTeX document class
(/usr/share/texlive/texmf-dist/tex/latex/base/size12.clo
File: size12.clo 2023/05/17 v1.4n Standard LaTeX file (size option)
)
\c@part=\count183
\c@section=\count184
\c@subsection=\count185
\c@subsubsection=\count186
\c@paragraph=\count187
\c@subparagraph=\count188
\c@figure=\count189
\c@table=\count190
\abovecaptionskip=\skip48
\belowcaptionskip=\skip49
\bibindent=\dimen140
) (/usr/share/texlive/texmf-dist/tex/latex/hyperref/hyperref.sty
Package: hyperref 2024-01-20 v7.01h Hypertext links for LaTeX
 (/usr/share/texlive/texmf-dist/tex/generic/iftex/iftex.sty
Package: iftex 2022/02/03 v1.0f TeX engine tests
) (/usr/share/texlive/texmf-dist/tex/latex/graphics/keyval.sty
Package: keyval 2022/05/29 v1.15 key=value parser (DPC)
\KV@toks@=\toks17
) (/usr/share/texlive/texmf-dist/tex/latex/kvsetkeys/kvsetkeys.sty
Package: kvsetkeys 2022-10-05 v1.19 Key value parser (HO)
) (/usr/share/texlive/texmf-dist/tex/generic/kvdefinekeys/kvdefinekeys.sty
Package: kvdefinekeys 2019-12-19 v1.6 Define keys (HO)
) (/usr/share/texlive/texmf-dist/tex/generic/pdfescape/pdfescape.sty
Package: pdfescape 2019/12/09 v1.15 Implements pdfTeX's escape features (HO)
 (/usr/share/texlive/texmf-dist/tex/generic/ltxcmds/ltxcmds.sty
Package: ltxcmds 2023-12-04 v1.26 LaTeX kernel commands for general use (HO)
) (/usr/share/texlive/texmf-dist/tex/generic/pdftexcmds/pdftexcmds.sty
Package: pdftexcmds 2020-06-27 v0.33 Utility functions of pdfTeX for LuaTeX (HO)
 (/usr/share/texlive/texmf-dist/tex/generic/infwarerr/infwarerr.sty
Package: infwarerr 2019/12/03 v1.5 Providing info/warning/error messages (HO)
)
Package pdftexcmds Info: \pdf@primitive is available.
Package pdftexcmds Info: \pdf@ifprimitive is available.
Package pdftexcmds Info: \pdfdraftmode not found.
)) (/usr/share/texlive/texmf-dist/tex/latex/hycolor/hycolor.sty
Package: hycolor 2020-01-27 v1.10 Color options for hyperref/bookmark (HO)
) (/usr/share/texlive/texmf-dist/tex/latex/auxhook/auxhook.sty
Package: auxhook 2019-12-17 v1.6 Hooks for auxiliary files (HO)
) (/usr/share/texlive/texmf-dist/tex/latex/hyperref/nameref.sty
Package: nameref 2023-11-26 v2.56 Cross-referencing by name of section
 (/usr/share/texlive/texmf-dist/tex/latex/refcount/refcount.sty
Package: refcount 2019/12/15 v3.6 Data extraction from label references (HO)
) (/usr/share/texlive/texmf-dist/tex/generic/gettitlestring/gettitlestring.sty
Package: gettitlestring 2019/12/15 v1.6 Cleanup title references (HO)
 (/usr/share/texlive/texmf-dist/tex/latex/kvoptions/kvoptions.sty
Package: kvoptions 2022-06-15 v3.15 Key value format for package options (HO)
))
\c@section@level=\count191
) (/usr/share/texlive/texmf-dist/tex/latex/etoolbox/etoolbox.sty
Package: etoolbox 2020/10/05 v2.5k e-TeX tools for LaTeX (JAW)
\etb@tempcnta=\count192
)
\@linkdim=\dimen141
\Hy@linkcounter=\count193
\Hy@pagecounter=\count194
 (/usr/share/texlive/texmf-dist/tex/latex/hyperref/pd1enc.def
File: pd1enc.def 2024-01-20 v7.01h Hyperref: PDFDocEncoding definition (HO)
) (/usr/share/texlive/texmf-dist/tex/generic/intcalc/intcalc.sty
Package: intcalc 2019/12/15 v1.3 Expandable calculations with integers (HO)
)
\Hy@SavedSpaceFactor=\count195
 (/usr/share/texlive/texmf-dist/tex/latex/hyperref/puenc.def
File: puenc.def 2024-01-20 v7.01h Hyperref: PDF Unicode definition (HO)
)
Package hyperref Info: Hyper figures OFF on input line 4179.
Package hyperref Info: Link nesting OFF on input line 4184.
Package hyperref Info: Hyper index ON on input line 4187.
Package hyperref Info: Plain pages OFF on input line 4194.
Package hyperref Info: Backreferencing OFF on input line 4199.
Package hyperref Info: Implicit mode ON; LaTeX internals redefined.
Package hyperref Info: Bookmarks ON on input line 4446.
\c@Hy@tempcnt=\count196
 (/usr/share/texlive/texmf-dist/tex/latex/url/url.sty
\Urlmuskip=\muskip16
Package: url 2013/09/16  ver 3.4  Verb mode for urls, etc.
)
LaTeX Info: Redefining \url on input line 4784.
\XeTeXLinkMargin=\dimen142
 (/usr/share/texlive/texmf-dist/tex/generic/bitset/bitset.sty
Package: bitset 2019/12/09 v1.3 Handle bit-vector datatype (HO)
 (/usr/share/texlive/texmf-dist/tex/generic/bigintcalc/bigintcalc.sty
Package: bigintcalc 2019/12/15 v1.5 Expandable calculations on big integers (HO)
))
\Fld@menulength=\count197
\Field@Width=\dimen143
\Fld@charsize=\dimen144
Package hyperref Info: Hyper figures OFF on input line 6063.
Package hyperref Info: Link nesting OFF on input line 6068.
Package hyperref Info: Hyper index ON on input line 6071.
Package hyperref Info: backreferencing OFF on input line 6078.
Package hyperref Info: Link coloring OFF on input line 6083.
Package hyperref Info: Link coloring with OCG OFF on input line 6088.
Package hyperref Info: PDF/A mode OFF on input line 6093.
 (/usr/share/texlive/texmf-dist/tex/latex/base/atbegshi-ltx.sty
Package: atbegshi-ltx 2021/01/10 v1.0c Emulation of the original atbegshi
package with kernel methods
)
\Hy@abspage=\count198
\c@Item=\count199
\c@Hfootnote=\count266
)
Package hyperref Info: Driver (autodetected): hxetex.
 (/usr/share/texlive/texmf-dist/tex/latex/hyperref/hxetex.def
File: hxetex.def 2024-01-20 v7.01h Hyperref driver for XeTeX
 (/usr/share/texlive/texmf-dist/tex/generic/stringenc/stringenc.sty
Package: stringenc 2019/11/29 v1.12 Convert strings between diff. encodings (HO)
)
\pdfm@box=\box51
\c@Hy@AnnotLevel=\count267
\HyField@AnnotCount=\count268
\Fld@listcount=\count269
\c@bookmark@seq@number=\count270
 (/usr/share/texlive/texmf-dist/tex/latex/rerunfilecheck/rerunfilecheck.sty
Package: rerunfilecheck 2022-07-10 v1.10 Rerun checks for auxiliary files (HO)
 (/usr/share/texlive/texmf-dist/tex/latex/base/atveryend-ltx.sty
Package: atveryend-ltx 2020/08/19 v1.0a Emulation of the original atveryend package
with kernel methods
) (/usr/share/texlive/texmf-dist/tex/generic/uniquecounter/uniquecounter.sty
Package: uniquecounter 2019/12/15 v1.4 Provide unlimited unique counter (HO)
)
Package uniquecounter Info: New unique counter `rerunfilecheck' on input line 285.
)
\Hy@SectionHShift=\skip50
)
Package hyperref Info: Option `breaklinks' set `true' on input line 11.
 (/usr/share/texlive/texmf-dist/tex/latex/ragged2e/ragged2e.sty
Package: ragged2e 2023/06/22 v3.6 ragged2e Package
\CenteringLeftskip=\skip51
\RaggedLeftLeftskip=\skip52
\RaggedRightLeftskip=\skip53
\CenteringRightskip=\skip54
\RaggedLeftRightskip=\skip55
\RaggedRightRightskip=\skip56
\CenteringParfillskip=\skip57
\RaggedLeftParfillskip=\skip58
\RaggedRightParfillskip=\skip59
\JustifyingParfillskip=\skip60
\CenteringParindent=\skip61
\RaggedLeftParindent=\skip62
\RaggedRightParindent=\skip63
\JustifyingParindent=\skip64
) (/usr/share/texlive/texmf-dist/tex/latex/graphics/graphicx.sty
Package: graphicx 2021/09/16 v1.2d Enhanced LaTeX Graphics (DPC,SPQR)
 (/usr/share/texlive/texmf-dist/tex/latex/graphics/graphics.sty
Package: graphics 2022/03/10 v1.4e Standard LaTeX Graphics (DPC,SPQR)
 (/usr/share/texlive/texmf-dist/tex/latex/graphics/trig.sty
Package: trig 2021/08/11 v1.11 sin cos tan (DPC)
) (/usr/share/texlive/texmf-dist/tex/latex/graphics-cfg/graphics.cfg
File: graphics.cfg 2016/06/04 v1.11 sample graphics configuration
)
Package graphics Info: Driver file: xetex.def on input line 107.
 (/usr/share/texlive/texmf-dist/tex/latex/graphics-def/xetex.def
File: xetex.def 2022/09/22 v5.0n Graphics/color driver for xetex
))
\Gin@req@height=\dimen145
\Gin@req@width=\dimen146
) (/usr/share/texlive/texmf-dist/tex/latex/float/float.sty
Package: float 2001/11/08 v1.3d Float enhancements (AL)
\c@float@type=\count271
\float@exts=\toks18
\float@box=\box52
\@float@everytoks=\toks19
\@floatcapt=\box53
) (/usr/share/texlive/texmf-dist/tex/latex/lipsum/lipsum.sty (/usr/share/texlive/texmf-dist/tex/latex/l3packages/l3keys2e/l3keys2e.sty (/usr/share/texlive/texmf-dist/tex/latex/l3kernel/expl3.sty
Package: expl3 2024-01-22 L3 programming layer (loader) 
 (/usr/share/texlive/texmf-dist/tex/latex/l3backend/l3backend-xetex.def
File: l3backend-xetex.def 2024-01-04 L3 backend support: XeTeX
\g__graphics_track_int=\count272
\l__pdf_internal_box=\box54
\g__pdf_backend_object_int=\count273
\g__pdf_backend_annotation_int=\count274
\g__pdf_backend_link_int=\count275
))
Package: l3keys2e 2023-10-10 LaTeX2e option processing using LaTeX3 keys
)
Package: lipsum 2021-09-20 v2.7 150 paragraphs of Lorem Ipsum dummy text
\g__lipsum_par_int=\count276
\l__lipsum_a_int=\count277
\l__lipsum_b_int=\count278
 (/usr/share/texlive/texmf-dist/tex/latex/lipsum/lipsum.ltd.tex)) (/usr/share/texlive/texmf-dist/tex/latex/amsmath/amsmath.sty
Package: amsmath 2023/05/13 v2.17o AMS math features
\@mathmargin=\skip65

For additional information on amsmath, use the `?' option.
(/usr/share/texlive/texmf-dist/tex/latex/amsmath/amstext.sty
Package: amstext 2021/08/26 v2.01 AMS text
 (/usr/share/texlive/texmf-dist/tex/latex/amsmath/amsgen.sty
File: amsgen.sty 1999/11/30 v2.0 generic functions
\@emptytoks=\toks20
\ex@=\dimen147
)) (/usr/share/texlive/texmf-dist/tex/latex/amsmath/amsbsy.sty
Package: amsbsy 1999/11/29 v1.2d Bold Symbols
\pmbraise@=\dimen148
) (/usr/share/texlive/texmf-dist/tex/latex/amsmath/amsopn.sty
Package: amsopn 2022/04/08 v2.04 operator names
)
\inf@bad=\count279
LaTeX Info: Redefining \frac on input line 234.
\uproot@=\count280
\leftroot@=\count281
LaTeX Info: Redefining \overline on input line 399.
LaTeX Info: Redefining \colon on input line 410.
\classnum@=\count282
\DOTSCASE@=\count283
LaTeX Info: Redefining \ldots on input line 496.
LaTeX Info: Redefining \dots on input line 499.
LaTeX Info: Redefining \cdots on input line 620.
\Mathstrutbox@=\box55
\strutbox@=\box56
LaTeX Info: Redefining \big on input line 722.
LaTeX Info: Redefining \Big on input line 723.
LaTeX Info: Redefining \bigg on input line 724.
LaTeX Info: Redefining \Bigg on input line 725.
\big@size=\dimen149
LaTeX Font Info:    Redeclaring font encoding OML on input line 743.
LaTeX Font Info:    Redeclaring font encoding OMS on input line 744.
\macc@depth=\count284
LaTeX Info: Redefining \bmod on input line 905.
LaTeX Info: Redefining \pmod on input line 910.
LaTeX Info: Redefining \smash on input line 940.
LaTeX Info: Redefining \relbar on input line 970.
LaTeX Info: Redefining \Relbar on input line 971.
\c@MaxMatrixCols=\count285
\dotsspace@=\muskip17
\c@parentequation=\count286
\dspbrk@lvl=\count287
\tag@help=\toks21
\row@=\count288
\column@=\count289
\maxfields@=\count290
\andhelp@=\toks22
\eqnshift@=\dimen150
\alignsep@=\dimen151
\tagshift@=\dimen152
\tagwidth@=\dimen153
\totwidth@=\dimen154
\lineht@=\dimen155
\@envbody=\toks23
\multlinegap=\skip66
\multlinetaggap=\skip67
\mathdisplay@stack=\toks24
LaTeX Info: Redefining \[ on input line 2953.
LaTeX Info: Redefining \] on input line 2954.
) (/usr/share/texlive/texmf-dist/tex/latex/amsfonts/amssymb.sty
Package: amssymb 2013/01/14 v3.01 AMS font symbols
 (/usr/share/texlive/texmf-dist/tex/latex/amsfonts/amsfonts.sty
Package: amsfonts 2013/01/14 v3.01 Basic AMSFonts support
\symAMSa=\mathgroup4
\symAMSb=\mathgroup5
LaTeX Font Info:    Redeclaring math symbol \hbar on input line 98.
LaTeX Font Info:    Overwriting math alphabet `\mathfrak' in version `bold'
(Font)                  U/euf/m/n --> U/euf/b/n on input line 106.
)) (/usr/share/texlive/texmf-dist/tex/latex/eurosym/eurosym.sty
Package: eurosym 1998/08/06 v1.1 European currency symbol ``Euro''
\@eurobox=\box57
) (/usr/share/texlive/texmf-dist/tex/latex/fontspec/fontspec.sty (/usr/share/texlive/texmf-dist/tex/latex/l3packages/xparse/xparse.sty
Package: xparse 2023-10-10 L3 Experimental document command parser
)
Package: fontspec 2022/01/15 v2.8a Font selection for XeLaTeX and LuaLaTeX
 (/usr/share/texlive/texmf-dist/tex/latex/fontspec/fontspec-xetex.sty
Package: fontspec-xetex 2022/01/15 v2.8a Font selection for XeLaTeX and LuaLaTeX
\l__fontspec_script_int=\count291
\l__fontspec_language_int=\count292
\l__fontspec_strnum_int=\count293
\l__fontspec_tmp_int=\count294
\l__fontspec_tmpa_int=\count295
\l__fontspec_tmpb_int=\count296
\l__fontspec_tmpc_int=\count297
\l__fontspec_em_int=\count298
\l__fontspec_emdef_int=\count299
\l__fontspec_strong_int=\count300
\l__fontspec_strongdef_int=\count301
\l__fontspec_tmpa_dim=\dimen156
\l__fontspec_tmpb_dim=\dimen157
\l__fontspec_tmpc_dim=\dimen158
 (/usr/share/texlive/texmf-dist/tex/latex/base/fontenc.sty
Package: fontenc 2021/04/29 v2.0v Standard LaTeX package
) (/usr/share/texlive/texmf-dist/tex/latex/fontspec/fontspec.cfg))) (/usr/share/texlive/texmf-dist/tex/latex/polyglossia/polyglossia.sty
Package: polyglossia 2023/12/11 v1.66 Modern multilingual typesetting with XeLaTeX and LuaLaTeX
 (/usr/share/texlive/texmf-dist/tex/latex/xkeyval/xkeyval.sty
Package: xkeyval 2022/06/16 v2.9 package option processing (HA)
 (/usr/share/texlive/texmf-dist/tex/generic/xkeyval/xkeyval.tex (/usr/share/texlive/texmf-dist/tex/generic/xkeyval/xkvutils.tex
\XKV@toks=\toks25
\XKV@tempa@toks=\toks26
)
\XKV@depth=\count302
File: xkeyval.tex 2014/12/03 v2.7a key=value parser (HA)
))
\xpg@normalclass=\XeTeXcharclass1
 (/usr/share/texlive/texmf-dist/tex/latex/polyglossia/gloss-latex.lde
Package: gloss-latex 2023/12/11 v1.66 polyglossia: module for default language
)
Package polyglossia Info: Default language is latex.
) (/usr/share/texlive/texmf-dist/tex/latex/polyglossia/gloss-greek.ldf
File: gloss-greek.ldf polyglossia: module for Greek
 (/usr/share/texlive/texmf-dist/tex/latex/polyglossia/xgreek-fixes.def)
Package polyglossia Info: Option: Greek, variant=monotonic.
Package polyglossia Info: Option: Greek, numerals=greek.
\@attic@num=\count303
)
Package polyglossia Info: Default language is greek.
 (/usr/share/texlive/texmf-dist/tex/latex/polyglossia/gloss-english.ldf
File: gloss-english.ldf polyglossia: module for English
Package polyglossia Info: Option: English, variant=american.
)

Package fontspec Info: Font family 'NotoSerif(0)' created for font 'Noto
(fontspec)             Serif' with options [Ligatures=TeX,Script=Greek].
(fontspec)              
(fontspec)              This font family consists of the following NFSS
(fontspec)             series/shapes:
(fontspec)              
(fontspec)             - 'normal' (m/n) with NFSS spec.: <->"Noto
(fontspec)             Serif/OT:script=grek;language=dflt;mapping=tex-text;"
(fontspec)             - 'small caps'  (m/sc) with NFSS spec.: <->"Noto
(fontspec)             Serif/OT:script=grek;language=dflt;+smcp;mapping=tex-text;"
(fontspec)             - 'bold' (b/n) with NFSS spec.: <->"Noto
(fontspec)             Serif/B/OT:script=grek;language=dflt;mapping=tex-text;"
(fontspec)             - 'bold small caps'  (b/sc) with NFSS spec.: <->"Noto
(fontspec)             Serif/B/OT:script=grek;language=dflt;+smcp;mapping=tex-text;"
(fontspec)             - 'italic' (m/it) with NFSS spec.: <->"Noto
(fontspec)             Serif/I/OT:script=grek;language=dflt;mapping=tex-text;"
(fontspec)             - 'italic small caps'  (m/scit) with NFSS spec.:
(fontspec)             <->"Noto
(fontspec)             Serif/I/OT:script=grek;language=dflt;+smcp;mapping=tex-text;"
(fontspec)             - 'bold italic' (b/it) with NFSS spec.: <->"Noto
(fontspec)             Serif/BI/OT:script=grek;language=dflt;mapping=tex-text;"
(fontspec)             - 'bold italic small caps'  (b/scit) with NFSS spec.:
(fontspec)             <->"Noto
(fontspec)             Serif/BI/OT:script=grek;language=dflt;+smcp;mapping=tex-text;"


Package fontspec Info: Font family 'NotoSans(0)' created for font 'Noto Sans'
(fontspec)             with options [Ligatures=TeX,Script=Greek].
(fontspec)              
(fontspec)              This font family consists of the following NFSS
(fontspec)             series/shapes:
(fontspec)              
(fontspec)             - 'normal' (m/n) with NFSS spec.: <->"Noto
(fontspec)             Sans/OT:script=grek;language=dflt;mapping=tex-text;"
(fontspec)             - 'small caps'  (m/sc) with NFSS spec.: <->"Noto
(fontspec)             Sans/OT:script=grek;language=dflt;+smcp;mapping=tex-text;"
(fontspec)             - 'bold' (b/n) with NFSS spec.: <->"Noto
(fontspec)             Sans/B/OT:script=grek;language=dflt;mapping=tex-text;"
(fontspec)             - 'bold small caps'  (b/sc) with NFSS spec.: <->"Noto
(fontspec)             Sans/B/OT:script=grek;language=dflt;+smcp;mapping=tex-text;"
(fontspec)             - 'italic' (m/it) with NFSS spec.: <->"Noto
(fontspec)             Sans/I/OT:script=grek;language=dflt;mapping=tex-text;"
(fontspec)             - 'italic small caps'  (m/scit) with NFSS spec.:
(fontspec)             <->"Noto
(fontspec)             Sans/I/OT:script=grek;language=dflt;+smcp;mapping=tex-text;"
(fontspec)             - 'bold italic' (b/it) with NFSS spec.: <->"Noto
(fontspec)             Sans/BI/OT:script=grek;language=dflt;mapping=tex-text;"
(fontspec)             - 'bold italic small caps'  (b/scit) with NFSS spec.:
(fontspec)             <->"Noto
(fontspec)             Sans/BI/OT:script=grek;language=dflt;+smcp;mapping=tex-text;"


Package fontspec Info: Could not resolve font "Noto Sans Mono/I" (it probably
(fontspec)             doesn't exist).


Package fontspec Info: Font family 'NotoSansMono(0)' created for font 'Noto
(fontspec)             Sans Mono' with options
(fontspec)             [WordSpace={1,0,0},HyphenChar=None,PunctuationSpace=WordSpace,Script=Greek].
(fontspec)              
(fontspec)              This font family consists of the following NFSS
(fontspec)             series/shapes:
(fontspec)              
(fontspec)             - 'normal' (m/n) with NFSS spec.: <->"Noto Sans
(fontspec)             Mono/OT:script=grek;language=dflt;"
(fontspec)             - 'small caps'  (m/sc) with NFSS spec.: <->"Noto Sans
(fontspec)             Mono/OT:script=grek;language=dflt;+smcp;"
(fontspec)             and font adjustment code:
(fontspec)             \fontdimen 2\font =1\fontdimen 2\font \fontdimen 3\font
(fontspec)             =0\fontdimen 3\font \fontdimen 4\font =0\fontdimen
(fontspec)             4\font \fontdimen 7\font =0\fontdimen 2\font
(fontspec)             \tex_hyphenchar:D \font =-1\scan_stop: 
(fontspec)             - 'bold' (b/n) with NFSS spec.: <->"Noto Sans
(fontspec)             Mono/B/OT:script=grek;language=dflt;"
(fontspec)             - 'bold small caps'  (b/sc) with NFSS spec.: <->"Noto
(fontspec)             Sans Mono/B/OT:script=grek;language=dflt;+smcp;"
(fontspec)             and font adjustment code:
(fontspec)             \fontdimen 2\font =1\fontdimen 2\font \fontdimen 3\font
(fontspec)             =0\fontdimen 3\font \fontdimen 4\font =0\fontdimen
(fontspec)             4\font \fontdimen 7\font =0\fontdimen 2\font
(fontspec)             \tex_hyphenchar:D \font =-1\scan_stop: 
(fontspec)             - 'bold italic' (b/it) with NFSS spec.: <->"Noto Sans
(fontspec)             Mono/BI/OT:script=grek;language=dflt;"
(fontspec)             - 'bold italic small caps'  (b/scit) with NFSS spec.:
(fontspec)             <->"Noto Sans
(fontspec)             Mono/BI/OT:script=grek;language=dflt;+smcp;"
(fontspec)             and font adjustment code:
(fontspec)             \fontdimen 2\font =1\fontdimen 2\font \fontdimen 3\font
(fontspec)             =0\fontdimen 3\font \fontdimen 4\font =0\fontdimen
(fontspec)             4\font \fontdimen 7\font =0\fontdimen 2\font
(fontspec)             \tex_hyphenchar:D \font =-1\scan_stop: 

 (/usr/share/texlive/texmf-dist/tex/latex/geometry/geometry.sty
Package: geometry 2020/01/02 v5.9 Page Geometry
 (/usr/share/texlive/texmf-dist/tex/generic/iftex/ifvtex.sty
Package: ifvtex 2019/10/25 v1.7 ifvtex legacy package. Use iftex instead.
)
\Gm@cnth=\count304
\Gm@cntv=\count305
\c@Gm@tempcnt=\count306
\Gm@bindingoffset=\dimen159
\Gm@wd@mp=\dimen160
\Gm@odd@mp=\dimen161
\Gm@even@mp=\dimen162
\Gm@layoutwidth=\dimen163
\Gm@layoutheight=\dimen164
\Gm@layouthoffset=\dimen165
\Gm@layoutvoffset=\dimen166
\Gm@dimlist=\toks27
) (/usr/share/texlive/texmf-dist/tex/latex/fancyhdr/fancyhdr.sty
Package: fancyhdr 2022/11/09 v4.1 Extensive control of page headers and footers
\f@nch@headwidth=\skip68
\f@nch@O@elh=\skip69
\f@nch@O@erh=\skip70
\f@nch@O@olh=\skip71
\f@nch@O@orh=\skip72
\f@nch@O@elf=\skip73
\f@nch@O@erf=\skip74
\f@nch@O@olf=\skip75
\f@nch@O@orf=\skip76
) (/usr/share/texlive/texmf-dist/tex/latex/titlesec/titlesec.sty
Package: titlesec 2023/10/27 v2.16 Sectioning titles
\ttl@box=\box58
\beforetitleunit=\skip77
\aftertitleunit=\skip78
\ttl@plus=\dimen167
\ttl@minus=\dimen168
\ttl@toksa=\toks28
\titlewidth=\dimen169
\titlewidthlast=\dimen170
\titlewidthfirst=\dimen171
) (/usr/share/texlive/texmf-dist/tex/latex/setspace/setspace.sty
Package: setspace 2022/12/04 v6.7b set line spacing
) (./main.aux)
\openout1 = `main.aux'.

LaTeX Font Info:    Checking defaults for OML/cmm/m/it on input line 81.
LaTeX Font Info:    ... okay on input line 81.
LaTeX Font Info:    Checking defaults for OMS/cmsy/m/n on input line 81.
LaTeX Font Info:    ... okay on input line 81.
LaTeX Font Info:    Checking defaults for OT1/cmr/m/n on input line 81.
LaTeX Font Info:    ... okay on input line 81.
LaTeX Font Info:    Checking defaults for T1/cmr/m/n on input line 81.
LaTeX Font Info:    ... okay on input line 81.
LaTeX Font Info:    Checking defaults for TS1/cmr/m/n on input line 81.
LaTeX Font Info:    Trying to load font information for TS1+cmr on input line 81.
 (/usr/share/texlive/texmf-dist/tex/latex/base/ts1cmr.fd
File: ts1cmr.fd 2023/04/13 v2.5m Standard LaTeX font definitions
)
LaTeX Font Info:    ... okay on input line 81.
LaTeX Font Info:    Checking defaults for TU/lmr/m/n on input line 81.
LaTeX Font Info:    ... okay on input line 81.
LaTeX Font Info:    Checking defaults for OMX/cmex/m/n on input line 81.
LaTeX Font Info:    ... okay on input line 81.
LaTeX Font Info:    Checking defaults for U/cmr/m/n on input line 81.
LaTeX Font Info:    ... okay on input line 81.
LaTeX Font Info:    Checking defaults for PD1/pdf/m/n on input line 81.
LaTeX Font Info:    ... okay on input line 81.
LaTeX Font Info:    Checking defaults for PU/pdf/m/n on input line 81.
LaTeX Font Info:    ... okay on input line 81.
Package hyperref Info: Link coloring OFF on input line 81.
 (./main.out) (./main.out)
\@outlinefile=\write3
\openout3 = `main.out'.


Package fontspec Info: Adjusting the maths setup (use [no-math] to avoid
(fontspec)             this).

\symlegacymaths=\mathgroup6
LaTeX Font Info:    Overwriting symbol font `legacymaths' in version `bold'
(Font)                  OT1/cmr/m/n --> OT1/cmr/bx/n on input line 81.
LaTeX Font Info:    Redeclaring math accent \acute on input line 81.
LaTeX Font Info:    Redeclaring math accent \grave on input line 81.
LaTeX Font Info:    Redeclaring math accent \ddot on input line 81.
LaTeX Font Info:    Redeclaring math accent \tilde on input line 81.
LaTeX Font Info:    Redeclaring math accent \bar on input line 81.
LaTeX Font Info:    Redeclaring math accent \breve on input line 81.
LaTeX Font Info:    Redeclaring math accent \check on input line 81.
LaTeX Font Info:    Redeclaring math accent \hat on input line 81.
LaTeX Font Info:    Redeclaring math accent \dot on input line 81.
LaTeX Font Info:    Redeclaring math accent \mathring on input line 81.
LaTeX Font Info:    Redeclaring math symbol \Gamma on input line 81.
LaTeX Font Info:    Redeclaring math symbol \Delta on input line 81.
LaTeX Font Info:    Redeclaring math symbol \Theta on input line 81.
LaTeX Font Info:    Redeclaring math symbol \Lambda on input line 81.
LaTeX Font Info:    Redeclaring math symbol \Xi on input line 81.
LaTeX Font Info:    Redeclaring math symbol \Pi on input line 81.
LaTeX Font Info:    Redeclaring math symbol \Sigma on input line 81.
LaTeX Font Info:    Redeclaring math symbol \Upsilon on input line 81.
LaTeX Font Info:    Redeclaring math symbol \Phi on input line 81.
LaTeX Font Info:    Redeclaring math symbol \Psi on input line 81.
LaTeX Font Info:    Redeclaring math symbol \Omega on input line 81.
LaTeX Font Info:    Redeclaring math symbol \mathdollar on input line 81.
LaTeX Font Info:    Redeclaring symbol font `operators' on input line 81.
LaTeX Font Info:    Encoding `OT1' has changed to `TU' for symbol font
(Font)              `operators' in the math version `normal' on input line 81.
LaTeX Font Info:    Overwriting symbol font `operators' in version `normal'
(Font)                  OT1/cmr/m/n --> TU/NotoSerif(0)/m/n on input line 81.
LaTeX Font Info:    Encoding `OT1' has changed to `TU' for symbol font
(Font)              `operators' in the math version `bold' on input line 81.
LaTeX Font Info:    Overwriting symbol font `operators' in version `bold'
(Font)                  OT1/cmr/bx/n --> TU/NotoSerif(0)/m/n on input line 81.
LaTeX Font Info:    Overwriting symbol font `operators' in version `normal'
(Font)                  TU/NotoSerif(0)/m/n --> TU/NotoSerif(0)/m/n on input line 81.
LaTeX Font Info:    Overwriting math alphabet `\mathit' in version `normal'
(Font)                  OT1/cmr/m/it --> TU/NotoSerif(0)/m/it on input line 81.
LaTeX Font Info:    Overwriting math alphabet `\mathbf' in version `normal'
(Font)                  OT1/cmr/bx/n --> TU/NotoSerif(0)/b/n on input line 81.
LaTeX Font Info:    Overwriting math alphabet `\mathsf' in version `normal'
(Font)                  OT1/cmss/m/n --> TU/NotoSans(0)/m/n on input line 81.
LaTeX Font Info:    Overwriting math alphabet `\mathtt' in version `normal'
(Font)                  OT1/cmtt/m/n --> TU/NotoSansMono(0)/m/n on input line 81.
LaTeX Font Info:    Overwriting symbol font `operators' in version `bold'
(Font)                  TU/NotoSerif(0)/m/n --> TU/NotoSerif(0)/b/n on input line 81.
LaTeX Font Info:    Overwriting math alphabet `\mathit' in version `bold'
(Font)                  OT1/cmr/bx/it --> TU/NotoSerif(0)/b/it on input line 81.
LaTeX Font Info:    Overwriting math alphabet `\mathsf' in version `bold'
(Font)                  OT1/cmss/bx/n --> TU/NotoSans(0)/b/n on input line 81.
LaTeX Font Info:    Overwriting math alphabet `\mathtt' in version `bold'
(Font)                  OT1/cmtt/m/n --> TU/NotoSansMono(0)/b/n on input line 81.

*geometry* driver: auto-detecting
*geometry* detected driver: xetex
*geometry* verbose mode - [ preamble ] result:
* driver: xetex
* paper: a4paper
* layout: <same size as paper>
* layoutoffset:(h,v)=(0.0pt,0.0pt)
* modes: 
* h-part:(L,W,R)=(56.9055pt, 483.69687pt, 56.9055pt)
* v-part:(T,H,B)=(56.9055pt, 731.23584pt, 56.9055pt)
* \paperwidth=597.50787pt
* \paperheight=845.04684pt
* \textwidth=483.69687pt
* \textheight=731.23584pt
* \oddsidemargin=-15.36449pt
* \evensidemargin=-15.36449pt
* \topmargin=-52.36449pt
* \headheight=12.0pt
* \headsep=25.0pt
* \topskip=12.0pt
* \footskip=30.0pt
* \marginparwidth=44.0pt
* \marginparsep=10.0pt
* \columnsep=10.0pt
* \skip\footins=10.8pt plus 4.0pt minus 2.0pt
* \hoffset=0.0pt
* \voffset=0.0pt
* \mag=1000
* \@twocolumnfalse
* \@twosidefalse
* \@mparswitchfalse
* \@reversemarginfalse
* (1in=72.27pt=25.4mm, 1cm=28.453pt)


Package fontspec Info: Font family 'NotoSerif(1)' created for font 'Noto
(fontspec)             Serif' with options
(fontspec)             [Ligatures=TeX,Script=Greek,Script=Greek].
(fontspec)              
(fontspec)              This font family consists of the following NFSS
(fontspec)             series/shapes:
(fontspec)              
(fontspec)             - 'normal' (m/n) with NFSS spec.: <->"Noto
(fontspec)             Serif/OT:script=grek;language=dflt;mapping=tex-text;"
(fontspec)             - 'small caps'  (m/sc) with NFSS spec.: <->"Noto
(fontspec)             Serif/OT:script=grek;language=dflt;+smcp;mapping=tex-text;"
(fontspec)             - 'bold' (b/n) with NFSS spec.: <->"Noto
(fontspec)             Serif/B/OT:script=grek;language=dflt;mapping=tex-text;"
(fontspec)             - 'bold small caps'  (b/sc) with NFSS spec.: <->"Noto
(fontspec)             Serif/B/OT:script=grek;language=dflt;+smcp;mapping=tex-text;"
(fontspec)             - 'italic' (m/it) with NFSS spec.: <->"Noto
(fontspec)             Serif/I/OT:script=grek;language=dflt;mapping=tex-text;"
(fontspec)             - 'italic small caps'  (m/scit) with NFSS spec.:
(fontspec)             <->"Noto
(fontspec)             Serif/I/OT:script=grek;language=dflt;+smcp;mapping=tex-text;"
(fontspec)             - 'bold italic' (b/it) with NFSS spec.: <->"Noto
(fontspec)             Serif/BI/OT:script=grek;language=dflt;mapping=tex-text;"
(fontspec)             - 'bold italic small caps'  (b/scit) with NFSS spec.:
(fontspec)             <->"Noto
(fontspec)             Serif/BI/OT:script=grek;language=dflt;+smcp;mapping=tex-text;"

(./cover.tex
LaTeX Font Info:    Trying to load font information for U+msa on input line 3.
 (/usr/share/texlive/texmf-dist/tex/latex/amsfonts/umsa.fd
File: umsa.fd 2013/01/14 v3.01 AMS symbols A
)
LaTeX Font Info:    Trying to load font information for U+msb on input line 3.
 (/usr/share/texlive/texmf-dist/tex/latex/amsfonts/umsb.fd
File: umsb.fd 2013/01/14 v3.01 AMS symbols B
)
File: figures/hua.png Graphic file (type bmp)
<figures/hua.png>
 [1

]
File: figures/hua.png Graphic file (type bmp)
<figures/hua.png>
 [2]
File: figures/hua.png Graphic file (type bmp)
<figures/hua.png>
 [3] [4] [5]
LaTeX Font Info:    Calculating math sizes for size <16> on input line 108.


LaTeX Font Warning: Font shape `OML/cmm/m/it' in size <16> not available
(Font)              size <17.28> substituted on input line 108.


LaTeX Font Warning: Font shape `OMS/cmsy/m/n' in size <16> not available
(Font)              size <17.28> substituted on input line 108.


LaTeX Font Warning: Font shape `OT1/cmr/m/n' in size <16> not available
(Font)              size <17.28> substituted on input line 108.

) [6] (./main.toc [7] [8])
\tf@toc=\write4
\openout4 = `main.toc'.

 [9] (./abstracts.tex [10]
Overfull \hbox (4.16423pt too wide) in paragraph at lines 26--33
\TU/NotoSerif(1)/m/n/12 Machine combined with the A* pathfinding algorithm, against Reinforcement Learning
 []


Overfull \hbox (23.71916pt too wide) in paragraph at lines 26--33
\TU/NotoSerif(1)/m/n/12 agents trained with the Proximal Policy Optimization (PPO) algorithm, within a symmetric,
 []


Overfull \hbox (28.42436pt too wide) in paragraph at lines 26--33
\TU/NotoSerif(1)/m/n/12 adversarial 2D combat environment developed in Unity using ML-Agents. The environment
 []


Overfull \hbox (4.41515pt too wide) in paragraph at lines 34--46
[]\TU/NotoSerif(1)/m/n/12 Several training approaches were evaluated, including PPO trained against static
 []


Overfull \hbox (24.18822pt too wide) in paragraph at lines 34--46
\TU/NotoSerif(1)/m/n/12 rule-based opponents of varying difficulty, PPO trained through self-play, and a subsequent
 []


Overfull \hbox (40.27916pt too wide) in paragraph at lines 34--46
\TU/NotoSerif(1)/m/n/12 capable of consistently outperforming rule-based opponents while spontaneously developing
 []


Overfull \hbox (37.17336pt too wide) in paragraph at lines 34--46
\TU/NotoSerif(1)/m/n/12 resorting to a time-consuming reward shaping process. Self-play training further encouraged
 []


Overfull \hbox (2.44717pt too wide) in paragraph at lines 34--46
\TU/NotoSerif(1)/m/n/12 against a static opponent substantially improved both performance and generalization
 []


Overfull \hbox (1.09224pt too wide) in paragraph at lines 47--51
[]\TU/NotoSerif(1)/m/n/12 Overall, the findings suggest that Reinforcement Learning constitutes a practical
 []


Overfull \hbox (26.84717pt too wide) in paragraph at lines 47--51
\TU/NotoSerif(1)/m/n/12 and viable alternative to conventional rule-based approaches for game agent development,
 []

) [11] [12] (./main.lof [13])
\tf@lof=\write5
\openout5 = `main.lof'.

 [14] (./main.lot)
\tf@lot=\write6
\openout6 = `main.lot'.

 [15] [16]
LaTeX Info: Redefining \rmfamily on input line 124.
LaTeX Info: Redefining \sffamily on input line 124.
LaTeX Info: Redefining \ttfamily on input line 124.
LaTeX Info: Redefining \rmfamily on input line 126.
LaTeX Info: Redefining \sffamily on input line 126.
LaTeX Info: Redefining \ttfamily on input line 126.

Overfull \hbox (8.34718pt too wide) in paragraph at lines 128--129
\TU/NotoSerif(1)/m/n/12 θήκες ελαχιστοποιημένης ανθρώπινης παρέμβασης κατά την εκπαίδευση του πράκτορα. 
 []

[17] [18]
Overfull \hbox (4.43622pt too wide) in paragraph at lines 153--154
\TU/NotoSerif(1)/m/n/12 Διαδικασία Απόφασης (Markov Decision Process, MDP), η οποία ορίζεται ως μια πλειάδα
 []

[19]
Overfull \hbox (2.06888pt too wide) in paragraph at lines 164--165
[]\TU/NotoSerif(1)/b/n/12 Συνάρτηση Αξίας Κατάστασης $\OML/cmm/m/it/12 V[]\OT1/cmr/m/n/12 (\OML/cmm/m/it/12 s\OT1/cmr/m/n/12 )$ \TU/NotoSerif(1)/b/n/12 (State-Value Function): \TU/NotoSerif(1)/m/n/12 Εκφράζει την ανα-
 []


Overfull \hbox (2.64569pt too wide) in paragraph at lines 168--169
[]\TU/NotoSerif(1)/b/n/12 Συνάρτηση Αξίας Κατάστασης-Ενέργειας $\OML/cmm/m/it/12 Q[]\OT1/cmr/m/n/12 (\OML/cmm/m/it/12 s; a\OT1/cmr/m/n/12 )$ \TU/NotoSerif(1)/b/n/12 (Action-Value Function): \TU/NotoSerif(1)/m/n/12 Εκ-
 []

[20] [21]

LaTeX Warning: Citation `schulman2017proximal' on page 22 undefined on input line 206.

[22]
Overfull \hbox (9.25215pt too wide) in paragraph at lines 229--230
\TU/NotoSerif(1)/m/n/12 εκτός του clipped διαστήματος. Με άλλα λόγια, η $\OML/cmm/m/it/12 L[]$ \TU/NotoSerif(1)/m/n/12 αποτελεί πάντα ένα κάτω φράγμα
 []

[23] [24]
LaTeX Info: Redefining \rmfamily on input line 255.
LaTeX Info: Redefining \sffamily on input line 255.
LaTeX Info: Redefining \ttfamily on input line 255.

Overfull \hbox (4.71515pt too wide) in paragraph at lines 255--256
\TU/NotoSerif(1)/m/n/12 νται σε σενάριο μηδενικού αθροίσματος με στόχο τη μηδένιση των πόντων ζωής ([]Health
 []

[25]
Overfull \hbox (2.47624pt too wide) in paragraph at lines 260--261
\TU/NotoSerif(1)/m/n/12 ροφορία της οθόνης (raw pixels) και, μέσω τεχνικών διαμόρφωσης ανταμοιβής (reward
 []


LaTeX Warning: Citation `hafner2021dreamerv2' on page 26 undefined on input line 263.

[26]
Overfull \hbox (13.68718pt too wide) in paragraph at lines 274--275
[]\TU/NotoSerif(1)/m/n/12 Για την υλοποίηση χρησιμοποιήθηκαν συγκεκριμένα οι εκδόσεις Unity [6000.3.9f1]
 []

[27] [28] [29]
File: figures/agent-next-to-clusters.png Graphic file (type bmp)
<figures/agent-next-to-clusters.png>
File: figures/part-destroyed-cluster.png Graphic file (type bmp)
<figures/part-destroyed-cluster.png>
File: figures/in-combat-ss.png Graphic file (type bmp)
<figures/in-combat-ss.png>
 [30] [31]
Overfull \hbox (3.22137pt too wide) in paragraph at lines 389--391
\TU/NotoSerif(1)/m/n/12 βρίσκεται εντός της προκαθορισμένης ακτίνας εμβέλειας. Σε αυτή την κατάσταση,
 []

[32]
Overfull \hbox (1.98227pt too wide) in paragraph at lines 413--415
[]\TU/NotoSerif(1)/b/n/12 Κατάσταση «Εντός Εμβέλειας» (In-Range / Attack): \TU/NotoSerif(1)/m/n/12 Ενεργοποιείται όταν ο αντί-
 []


Overfull \hbox (6.28421pt too wide) in paragraph at lines 419--421
\TU/NotoSerif(1)/m/n/12 χρειάζεται, ώστε να παραμείνει στοχευμένος στην προβλεπόμενη μελλοντική θέση
 []

[33] [34]
Missing character: There is no − (U+2212) in font Noto Serif Regular/OT:script=grek;language=dflt;mapping=tex-text;!
[35] [36] [37]
LaTeX Info: Redefining \rmfamily on input line 520.
LaTeX Info: Redefining \sffamily on input line 520.
LaTeX Info: Redefining \ttfamily on input line 520.
 [38]
LaTeX Info: Redefining \rmfamily on input line 529.
LaTeX Info: Redefining \sffamily on input line 529.
LaTeX Info: Redefining \ttfamily on input line 529.
LaTeX Info: Redefining \rmfamily on input line 529.
LaTeX Info: Redefining \sffamily on input line 529.
LaTeX Info: Redefining \ttfamily on input line 529.
LaTeX Info: Redefining \rmfamily on input line 529.
LaTeX Info: Redefining \sffamily on input line 529.
LaTeX Info: Redefining \ttfamily on input line 529.
LaTeX Info: Redefining \rmfamily on input line 529.
LaTeX Info: Redefining \sffamily on input line 529.
LaTeX Info: Redefining \ttfamily on input line 529.
LaTeX Info: Redefining \rmfamily on input line 529.
LaTeX Info: Redefining \sffamily on input line 529.
LaTeX Info: Redefining \ttfamily on input line 529.
LaTeX Info: Redefining \rmfamily on input line 529.
LaTeX Info: Redefining \sffamily on input line 529.
LaTeX Info: Redefining \ttfamily on input line 529.
LaTeX Info: Redefining \rmfamily on input line 529.
LaTeX Info: Redefining \sffamily on input line 529.
LaTeX Info: Redefining \ttfamily on input line 529.
LaTeX Info: Redefining \rmfamily on input line 529.
LaTeX Info: Redefining \sffamily on input line 529.
LaTeX Info: Redefining \ttfamily on input line 529.
LaTeX Info: Redefining \rmfamily on input line 529.
LaTeX Info: Redefining \sffamily on input line 529.
LaTeX Info: Redefining \ttfamily on input line 529.
LaTeX Info: Redefining \rmfamily on input line 529.
LaTeX Info: Redefining \sffamily on input line 529.
LaTeX Info: Redefining \ttfamily on input line 529.
LaTeX Info: Redefining \rmfamily on input line 529.
LaTeX Info: Redefining \sffamily on input line 529.
LaTeX Info: Redefining \ttfamily on input line 529.
 [39] [40] [41]
File: figures/bc1-bc2-cumulative-reward.png Graphic file (type bmp)
<figures/bc1-bc2-cumulative-reward.png>

Underfull \hbox (badness 4048) in paragraph at lines 580--580
[]\TU/NotoSerif(1)/m/n/12 Σχήμα 4: []Αθροιστική ανταμοιβή (Πεί-
 []

File: figures/bc1-bc2-ep-length.png Graphic file (type bmp)
<figures/bc1-bc2-ep-length.png>
File: figures/bc1-bc2-shots-per-round.png Graphic file (type bmp)
<figures/bc1-bc2-shots-per-round.png>
File: figures/bc1-bc2-avg-heat.png Graphic file (type bmp)
<figures/bc1-bc2-avg-heat.png>
File: figures/bc1-bc2-player-acc.png Graphic file (type bmp)
<figures/bc1-bc2-player-acc.png>
File: figures/bc1-bc2-enemy-acc.png Graphic file (type bmp)
<figures/bc1-bc2-enemy-acc.png>
File: figures/bc1-bc2-winrate.png Graphic file (type bmp)
<figures/bc1-bc2-winrate.png>
File: figures/bc1-bc2-avg-dur-on-win.png Graphic file (type bmp)
<figures/bc1-bc2-avg-dur-on-win.png>
File: figures/bc1-bc2-entropy.png Graphic file (type bmp)
<figures/bc1-bc2-entropy.png>
[42] [43] [44]
File: figures/ac2-cumulative-reward.png Graphic file (type bmp)
<figures/ac2-cumulative-reward.png>

Underfull \hbox (badness 1314) in paragraph at lines 674--674
[]\TU/NotoSerif(1)/m/n/12 Σχήμα 13: []Αθροιστική ανταμοιβή (Πεί-
 []

File: figures/ac2-ep-length.png Graphic file (type bmp)
<figures/ac2-ep-length.png>
File: figures/ac2-shots-fired.png Graphic file (type bmp)
<figures/ac2-shots-fired.png>
File: figures/ac2-avg-heat.png Graphic file (type bmp)
<figures/ac2-avg-heat.png>
File: figures/ac2-player-acc.png Graphic file (type bmp)
<figures/ac2-player-acc.png>

Underfull \hbox (badness 4429) in paragraph at lines 710--710
[]\TU/NotoSerif(1)/m/n/12 Σχήμα 17: []Ακρίβεια βολών πράκτορα
 []

File: figures/ac2-enemy-acc.png Graphic file (type bmp)
<figures/ac2-enemy-acc.png>

Underfull \hbox (badness 3158) in paragraph at lines 717--717
[]\TU/NotoSerif(1)/m/n/12 Σχήμα 18: []Ακρίβεια βολών αντιπάλου
 []

File: figures/ac2-winrate.png Graphic file (type bmp)
<figures/ac2-winrate.png>
File: figures/ac2-avg-dur-on-win.png Graphic file (type bmp)
<figures/ac2-avg-dur-on-win.png>
File: figures/ac2-entropy.png Graphic file (type bmp)
<figures/ac2-entropy.png>
[45] [46] [47] [48] [49]
Overfull \hbox (0.56938pt too wide) in paragraph at lines 785--786
\TU/NotoSerif(1)/m/n/12 φύσης του self-play μηχανισμού. Καθώς ο πράκτορας αντιμετωπίζει αποκλειστικά στιγ-
 []

[50]
File: figures/self-cumulative-reward.png Graphic file (type bmp)
<figures/self-cumulative-reward.png>

Underfull \hbox (badness 1314) in paragraph at lines 797--797
[]\TU/NotoSerif(1)/m/n/12 Σχήμα 22: []Αθροιστική ανταμοιβή (Πεί-
 []

File: figures/self-ep-duration.png Graphic file (type bmp)
<figures/self-ep-duration.png>
File: figures/self-shots-per-round.png Graphic file (type bmp)
<figures/self-shots-per-round.png>
File: figures/self-avg-heat.png Graphic file (type bmp)
<figures/self-avg-heat.png>
File: figures/self-player-acc.png Graphic file (type bmp)
<figures/self-player-acc.png>

Underfull \hbox (badness 4429) in paragraph at lines 833--833
[]\TU/NotoSerif(1)/m/n/12 Σχήμα 26: []Ακρίβεια βολών πράκτορα
 []

File: figures/self-enemy-acc.png Graphic file (type bmp)
<figures/self-enemy-acc.png>

Underfull \hbox (badness 3158) in paragraph at lines 840--840
[]\TU/NotoSerif(1)/m/n/12 Σχήμα 27: []Ακρίβεια βολών αντιπάλου
 []

File: figures/self-winrate.png Graphic file (type bmp)
<figures/self-winrate.png>
File: figures/self-avg-dur-on-win.png Graphic file (type bmp)
<figures/self-avg-dur-on-win.png>
File: figures/self-entropy.png Graphic file (type bmp)
<figures/self-entropy.png>
[51] [52]
Overfull \hbox (4.66127pt too wide) in paragraph at lines 875--876
[]\TU/NotoSerif(1)/m/n/12 Βάσει της παραπάνω ιδέας, ως απόπειρα βελτίωσης του πράκτορα self-play, πραγ-
 []


Overfull \hbox (7.25917pt too wide) in paragraph at lines 881--882
[]\TU/NotoSerif(1)/m/n/12 Στη συνέχεια το πρόγραμμα μεταβολής του συντελεστή εντροπίας (beta schedule)
 []

[53]
File: figures/self-ft-cumulative-reward.png Graphic file (type bmp)
<figures/self-ft-cumulative-reward.png>

Underfull \hbox (badness 1622) in paragraph at lines 915--915
[]\TU/NotoSerif(1)/m/n/12 Σχήμα 31: []Αθροιστική ανταμοιβή πρά-
 []

File: figures/self-ft-ep-duration.png Graphic file (type bmp)
<figures/self-ft-ep-duration.png>

Underfull \hbox (badness 4927) in paragraph at lines 922--922
[]\TU/NotoSerif(1)/m/n/12 Σχήμα 32: []Μέση διάρκεια επεισοδίου
 []

[54]
File: figures/self-ft-avg-heat.png Graphic file (type bmp)
<figures/self-ft-avg-heat.png>
File: figures/self-ft-shots-fired.png Graphic file (type bmp)
<figures/self-ft-shots-fired.png>
File: figures/self-ft-enemy-acc.png Graphic file (type bmp)
<figures/self-ft-enemy-acc.png>

Underfull \hbox (badness 3158) in paragraph at lines 951--951
[]\TU/NotoSerif(1)/m/n/12 Σχήμα 35: []Ακρίβεια βολών αντιπάλου
 []

File: figures/self-ft-player-acc.png Graphic file (type bmp)
<figures/self-ft-player-acc.png>

Underfull \hbox (badness 4429) in paragraph at lines 958--958
[]\TU/NotoSerif(1)/m/n/12 Σχήμα 36: []Ακρίβεια βολών πράκτορα
 []

[55]
File: figures/self-ft-winrate.png Graphic file (type bmp)
<figures/self-ft-winrate.png>
File: figures/self-ft-dur-on-win.png Graphic file (type bmp)
<figures/self-ft-dur-on-win.png>
File: figures/self-ft-entropy.png Graphic file (type bmp)
<figures/self-ft-entropy.png>
 [56] [57] [58] (./main.bbl) [59] (./main.aux)
 ***********
LaTeX2e <2023-11-01> patch level 1
L3 programming layer <2024-01-22>
 ***********


LaTeX Font Warning: Size substitutions with differences
(Font)              up to 1.28pt have occurred.


LaTeX Warning: There were undefined references.

Package rerunfilecheck Info: File `main.out' has not changed.
(rerunfilecheck)             Checksum: 2ADCB16E908BD451C5C5C792EF3A4944;14764.
 ) 
Here is how much of TeX's memory you used:
 15576 strings out of 476846
 316181 string characters out of 5803824
 1929627 words of memory out of 5000000
 37200 multiletter control sequences out of 15000+600000
 568251 words of font info for 123 fonts, out of 8000000 for 9000
 14 hyphenation exceptions out of 8191
 79i,12n,93p,1434b,569s stack positions out of 10000i,1000n,20000p,200000b,200000s

Output written on main.pdf (59 pages).
